sh: color: command not found
--- Benchmark ---
Mode:   python
Script: dog.Dog

[92mTest 001[0m: Validate values of initial game state (cnt_round=1) [5 points]

[92mTest 002[0m: Validate values of later game state (cnt_round=2) [5 points]

[92mTest 003[0m: Test get_list_action without start-cards [1 point]

[92mTest 004[0m: Test get_list_action with one start-card [1 point]

[92mTest 005[0m: Test get_list_action with three start-cards [1 point]

[92mTest 006[0m: Test move out of kennel without marble on start [1 point]

[92mTest 007[0m: Test move out of kennel with self-blocking on start [1 point]

[92mTest 008[0m: Test move out of kennel with oponent on start [1 point]

[92mTest 009[0m: Test move with card ACE from start [1 point]

[92mTest 010[0m: Test move with card TWO from start [1 point]

[92mTest 011[0m: Test move with card THREE from start [1 point]

[92mTest 012[0m: Test move with card FOUR from start [1 point]

[92mTest 013[0m: Test move with card FIVE from start [1 point]

[92mTest 014[0m: Test move with card SIX from start [1 point]

[92mTest 015[0m: Test move with card SEVEN from start [1 point]

[92mTest 016[0m: Test move with card EIGHT from start [1 point]

[92mTest 017[0m: Test move with card NINE from start [1 point]

[92mTest 018[0m: Test move with card TEN from start [1 point]

[92mTest 019[0m: Test move with card QUEEN from start [1 point]

[92mTest 020[0m: Test move with card KING from start [1 point]

[92mTest 021[0m: Test swap list_actions with card JAKE and oponents [1 point]

[92mTest 022[0m: Test swap list_actions with card JAKE no oponents and no other actions [1 point]

[92mTest 023[0m: Test swap action with card JAKE and oponents [1 point]

[92mTest 024[0m: Test swap action with card JAKE and no oponent and no other actions [1 point]

[92mTest 025[0m: Test JOKER card at beginning [5 point]

[92mTest 026[0m: Test JOKER card in later game [5 point]

[92mTest 027[0m: Test JOKER card with swap action [3 point]

[92mTest 028[0m: Test with two JOKER cards [1 point]

[92mTest 029[0m: Test move with card SEVEN from start [5 point]

[92mTest 030[0m: Test move with card SEVEN with multiple marbles [5 point]

[92mTest 031[0m: Test move with card SEVEN and kick out oponents [1 point]

[92mTest 032[0m: Test move with card SEVEN and kick out own marbles [1 point]

[92mTest 033[0m: Test move with card SEVEN and can not play all steps [10 point]

DEBUG: No Partner Marble Found at 77.
DEBUG: No Partner Marble Found at 77.
DEBUG: No Partner Marble Found at 77.
DEBUG: No Partner Marble Found at 77.
[92mTest 034[0m: Test move with card SEVEN into finish [5 point]

[91mTest 035[0m: Test move with card SEVEN into finish [5 point]
Traceback (most recent call last):
  File "/Users/daniellelott/Documents/Masters/devops/devops_project/devops_project/benchmark/benchmark.py", line 51, in run_tests
    function()
  File "/Users/daniellelott/Documents/Masters/devops/devops_project/devops_project/benchmark/benchmark_dog.py", line 1233, in test_move_with_SEVEN_multiple_steps_7
    self.game_server.apply_action(action)
  File "/Users/daniellelott/Documents/Masters/devops/devops_project/devops_project/benchmark/benchmark.py", line 185, in apply_action
    self.game.apply_action(action)
  File "/Users/daniellelott/Documents/Masters/devops/devops_project/devops_project/server/py/dog.py", line 434, in apply_action
    raise ValueError("Exceeded remaining steps for SEVEN.")
ValueError: Exceeded remaining steps for SEVEN.


[92mTest 036[0m: Test to overtake own marble on save start [1 point]

[92mTest 037[0m: Test to overtake oponents marble on save start [1 point]

[91mTest 038[0m: Test send home with simple cards from start [1 point]
cnt_player=4 phase=<GamePhase.RUNNING: 'running'> cnt_round=1 bool_card_exchanged=True idx_player_started=0 idx_player_active=0 list_player=[PlayerState(name='Player 1', list_card=[Card(suit='♣', rank='A')], list_marble=[Marble(pos=0, is_save=True), Marble(pos=1, is_save=False), Marble(pos=66, is_save=False), Marble(pos=67, is_save=False)]), PlayerState(name='Player 2', list_card=[Card(suit='♥', rank='2'), Card(suit='♠', rank='9'), Card(suit='♣', rank='8'), Card(suit='♥', rank='8'), Card(suit='♠', rank='2'), Card(suit='♠', rank='3')], list_marble=[Marble(pos=72, is_save=False), Marble(pos=73, is_save=False), Marble(pos=74, is_save=False), Marble(pos=75, is_save=False)]), PlayerState(name='Player 3', list_card=[Card(suit='♣', rank='K'), Card(suit='♣', rank='A'), Card(suit='♦', rank='3'), Card(suit='♦', rank='4'), Card(suit='♦', rank='J'), Card(suit='♦', rank='10')], list_marble=[Marble(pos=80, is_save=False), Marble(pos=81, is_save=False), Marble(pos=82, is_save=False), Marble(pos=83, is_save=False)]), PlayerState(name='Player 4', list_card=[Card(suit='♠', rank='2'), Card(suit='♥', rank='Q'), Card(suit='♠', rank='Q'), Card(suit='♠', rank='8'), Card(suit='♥', rank='Q'), Card(suit='♣', rank='J')], list_marble=[Marble(pos=88, is_save=False), Marble(pos=89, is_save=False), Marble(pos=90, is_save=False), Marble(pos=91, is_save=False)])] list_card_draw=[Card(suit='♦', rank='10'), Card(suit='', rank='JKR'), Card(suit='♠', rank='10'), Card(suit='♣', rank='8'), Card(suit='♥', rank='2'), Card(suit='♣', rank='9'), Card(suit='♦', rank='2'), Card(suit='♦', rank='A'), Card(suit='♣', rank='5'), Card(suit='♥', rank='A'), Card(suit='♦', rank='4'), Card(suit='♦', rank='5'), Card(suit='♠', rank='7'), Card(suit='♥', rank='J'), Card(suit='', rank='JKR'), Card(suit='♥', rank='9'), Card(suit='♣', rank='10'), Card(suit='♥', rank='A'), Card(suit='', rank='JKR'), Card(suit='♥', rank='10'), Card(suit='♥', rank='5'), Card(suit='♥', rank='10'), Card(suit='♠', rank='7'), Card(suit='♦', rank='9'), Card(suit='♣', rank='2'), Card(suit='♠', rank='J'), Card(suit='♦', rank='7'), Card(suit='♦', rank='7'), Card(suit='♦', rank='8'), Card(suit='♥', rank='K'), Card(suit='♣', rank='5'), Card(suit='♦', rank='K'), Card(suit='♣', rank='Q'), Card(suit='♠', rank='4'), Card(suit='♥', rank='K'), Card(suit='♠', rank='10'), Card(suit='♣', rank='9'), Card(suit='♠', rank='A'), Card(suit='♠', rank='5'), Card(suit='♦', rank='8'), Card(suit='♣', rank='2'), Card(suit='♦', rank='9'), Card(suit='♣', rank='3'), Card(suit='', rank='JKR'), Card(suit='♠', rank='6'), Card(suit='♣', rank='A'), Card(suit='♥', rank='5'), Card(suit='♦', rank='2'), Card(suit='♣', rank='4'), Card(suit='♠', rank='6'), Card(suit='♠', rank='A'), Card(suit='♠', rank='9'), Card(suit='♦', rank='3'), Card(suit='♣', rank='6'), Card(suit='♦', rank='6'), Card(suit='♣', rank='Q'), Card(suit='♥', rank='9'), Card(suit='♦', rank='Q'), Card(suit='♥', rank='4'), Card(suit='♠', rank='Q'), Card(suit='♥', rank='8'), Card(suit='♥', rank='3'), Card(suit='♠', rank='4'), Card(suit='♥', rank='7'), Card(suit='♠', rank='K'), Card(suit='♦', rank='6'), Card(suit='♣', rank='10'), Card(suit='', rank='JKR'), Card(suit='♣', rank='J'), Card(suit='♣', rank='6'), Card(suit='♣', rank='4'), Card(suit='♥', rank='J'), Card(suit='♣', rank='7'), Card(suit='♣', rank='K'), Card(suit='♦', rank='J'), Card(suit='♥', rank='6'), Card(suit='♠', rank='K'), Card(suit='♦', rank='K'), Card(suit='♦', rank='Q'), Card(suit='♥', rank='3'), Card(suit='♠', rank='8'), Card(suit='♥', rank='6'), Card(suit='♠', rank='J'), Card(suit='♣', rank='3'), Card(suit='♥', rank='4'), Card(suit='♠', rank='5')] list_card_discard=[] card_active=NoneAction: card=Card(suit='♣', rank='A') pos_from=0 pos_to=1 card_swap=None
cnt_player=4 phase=<GamePhase.RUNNING: 'running'> cnt_round=1 bool_card_exchanged=True idx_player_started=0 idx_player_active=1 list_player=[PlayerState(name='Player 1', list_card=[], list_marble=[Marble(pos=1, is_save=False), Marble(pos=1, is_save=False), Marble(pos=66, is_save=False), Marble(pos=67, is_save=False)]), PlayerState(name='Player 2', list_card=[Card(suit='♥', rank='2'), Card(suit='♠', rank='9'), Card(suit='♣', rank='8'), Card(suit='♥', rank='8'), Card(suit='♠', rank='2'), Card(suit='♠', rank='3')], list_marble=[Marble(pos=72, is_save=False), Marble(pos=73, is_save=False), Marble(pos=74, is_save=False), Marble(pos=75, is_save=False)]), PlayerState(name='Player 3', list_card=[Card(suit='♣', rank='K'), Card(suit='♣', rank='A'), Card(suit='♦', rank='3'), Card(suit='♦', rank='4'), Card(suit='♦', rank='J'), Card(suit='♦', rank='10')], list_marble=[Marble(pos=80, is_save=False), Marble(pos=81, is_save=False), Marble(pos=82, is_save=False), Marble(pos=83, is_save=False)]), PlayerState(name='Player 4', list_card=[Card(suit='♠', rank='2'), Card(suit='♥', rank='Q'), Card(suit='♠', rank='Q'), Card(suit='♠', rank='8'), Card(suit='♥', rank='Q'), Card(suit='♣', rank='J')], list_marble=[Marble(pos=88, is_save=False), Marble(pos=89, is_save=False), Marble(pos=90, is_save=False), Marble(pos=91, is_save=False)])] list_card_draw=[Card(suit='♦', rank='10'), Card(suit='', rank='JKR'), Card(suit='♠', rank='10'), Card(suit='♣', rank='8'), Card(suit='♥', rank='2'), Card(suit='♣', rank='9'), Card(suit='♦', rank='2'), Card(suit='♦', rank='A'), Card(suit='♣', rank='5'), Card(suit='♥', rank='A'), Card(suit='♦', rank='4'), Card(suit='♦', rank='5'), Card(suit='♠', rank='7'), Card(suit='♥', rank='J'), Card(suit='', rank='JKR'), Card(suit='♥', rank='9'), Card(suit='♣', rank='10'), Card(suit='♥', rank='A'), Card(suit='', rank='JKR'), Card(suit='♥', rank='10'), Card(suit='♥', rank='5'), Card(suit='♥', rank='10'), Card(suit='♠', rank='7'), Card(suit='♦', rank='9'), Card(suit='♣', rank='2'), Card(suit='♠', rank='J'), Card(suit='♦', rank='7'), Card(suit='♦', rank='7'), Card(suit='♦', rank='8'), Card(suit='♥', rank='K'), Card(suit='♣', rank='5'), Card(suit='♦', rank='K'), Card(suit='♣', rank='Q'), Card(suit='♠', rank='4'), Card(suit='♥', rank='K'), Card(suit='♠', rank='10'), Card(suit='♣', rank='9'), Card(suit='♠', rank='A'), Card(suit='♠', rank='5'), Card(suit='♦', rank='8'), Card(suit='♣', rank='2'), Card(suit='♦', rank='9'), Card(suit='♣', rank='3'), Card(suit='', rank='JKR'), Card(suit='♠', rank='6'), Card(suit='♣', rank='A'), Card(suit='♥', rank='5'), Card(suit='♦', rank='2'), Card(suit='♣', rank='4'), Card(suit='♠', rank='6'), Card(suit='♠', rank='A'), Card(suit='♠', rank='9'), Card(suit='♦', rank='3'), Card(suit='♣', rank='6'), Card(suit='♦', rank='6'), Card(suit='♣', rank='Q'), Card(suit='♥', rank='9'), Card(suit='♦', rank='Q'), Card(suit='♥', rank='4'), Card(suit='♠', rank='Q'), Card(suit='♥', rank='8'), Card(suit='♥', rank='3'), Card(suit='♠', rank='4'), Card(suit='♥', rank='7'), Card(suit='♠', rank='K'), Card(suit='♦', rank='6'), Card(suit='♣', rank='10'), Card(suit='', rank='JKR'), Card(suit='♣', rank='J'), Card(suit='♣', rank='6'), Card(suit='♣', rank='4'), Card(suit='♥', rank='J'), Card(suit='♣', rank='7'), Card(suit='♣', rank='K'), Card(suit='♦', rank='J'), Card(suit='♥', rank='6'), Card(suit='♠', rank='K'), Card(suit='♦', rank='K'), Card(suit='♦', rank='Q'), Card(suit='♥', rank='3'), Card(suit='♠', rank='8'), Card(suit='♥', rank='6'), Card(suit='♠', rank='J'), Card(suit='♣', rank='3'), Card(suit='♥', rank='4'), Card(suit='♠', rank='5')] list_card_discard=[] card_active=NoneError: Player 2's marble must be sent home with card=♣A

[92mTest 039[0m: Test send home with card SEVEN from start [1 point]

[92mTest 040[0m: Test overtake with simple cards from start [1 point]

[91mTest 041[0m: Test move to finish with simple cards [5 point]
cnt_player=4 phase=<GamePhase.RUNNING: 'running'> cnt_round=1 bool_card_exchanged=True idx_player_started=0 idx_player_active=0 list_player=[PlayerState(name='Player 1', list_card=[Card(suit='♣', rank='A')], list_marble=[Marble(pos=0, is_save=False), Marble(pos=65, is_save=False), Marble(pos=66, is_save=False), Marble(pos=67, is_save=False)]), PlayerState(name='Player 2', list_card=[Card(suit='♥', rank='9'), Card(suit='♣', rank='2'), Card(suit='♥', rank='J'), Card(suit='♥', rank='10'), Card(suit='♦', rank='7'), Card(suit='', rank='JKR')], list_marble=[Marble(pos=72, is_save=False), Marble(pos=73, is_save=False), Marble(pos=74, is_save=False), Marble(pos=75, is_save=False)]), PlayerState(name='Player 3', list_card=[Card(suit='♠', rank='9'), Card(suit='♠', rank='8'), Card(suit='♥', rank='7'), Card(suit='♥', rank='5'), Card(suit='♣', rank='K'), Card(suit='', rank='JKR')], list_marble=[Marble(pos=80, is_save=False), Marble(pos=81, is_save=False), Marble(pos=82, is_save=False), Marble(pos=83, is_save=False)]), PlayerState(name='Player 4', list_card=[Card(suit='♥', rank='Q'), Card(suit='♥', rank='6'), Card(suit='♣', rank='5'), Card(suit='♣', rank='Q'), Card(suit='♦', rank='2'), Card(suit='♥', rank='3')], list_marble=[Marble(pos=88, is_save=False), Marble(pos=89, is_save=False), Marble(pos=90, is_save=False), Marble(pos=91, is_save=False)])] list_card_draw=[Card(suit='♠', rank='4'), Card(suit='♠', rank='Q'), Card(suit='♣', rank='K'), Card(suit='♣', rank='4'), Card(suit='', rank='JKR'), Card(suit='♠', rank='10'), Card(suit='♠', rank='A'), Card(suit='♦', rank='7'), Card(suit='♠', rank='2'), Card(suit='♠', rank='7'), Card(suit='♥', rank='J'), Card(suit='♣', rank='A'), Card(suit='♣', rank='7'), Card(suit='♣', rank='9'), Card(suit='♥', rank='7'), Card(suit='♦', rank='A'), Card(suit='♥', rank='K'), Card(suit='♦', rank='2'), Card(suit='♣', rank='10'), Card(suit='♠', rank='9'), Card(suit='♥', rank='A'), Card(suit='♣', rank='3'), Card(suit='♠', rank='6'), Card(suit='♦', rank='8'), Card(suit='♠', rank='2'), Card(suit='♦', rank='A'), Card(suit='♦', rank='4'), Card(suit='♦', rank='10'), Card(suit='♥', rank='3'), Card(suit='', rank='JKR'), Card(suit='♦', rank='9'), Card(suit='♣', rank='6'), Card(suit='♣', rank='2'), Card(suit='♠', rank='3'), Card(suit='♥', rank='8'), Card(suit='♦', rank='3'), Card(suit='♦', rank='9'), Card(suit='♣', rank='8'), Card(suit='♣', rank='4'), Card(suit='♦', rank='8'), Card(suit='♦', rank='K'), Card(suit='♦', rank='6'), Card(suit='♦', rank='6'), Card(suit='♠', rank='J'), Card(suit='♥', rank='2'), Card(suit='♠', rank='K'), Card(suit='♦', rank='Q'), Card(suit='♥', rank='2'), Card(suit='♥', rank='6'), Card(suit='', rank='JKR'), Card(suit='♣', rank='A'), Card(suit='♦', rank='4'), Card(suit='♣', rank='3'), Card(suit='♣', rank='J'), Card(suit='♣', rank='Q'), Card(suit='♦', rank='J'), Card(suit='♥', rank='4'), Card(suit='♣', rank='6'), Card(suit='♠', rank='8'), Card(suit='♣', rank='9'), Card(suit='♦', rank='5'), Card(suit='♠', rank='5'), Card(suit='♥', rank='8'), Card(suit='♣', rank='8'), Card(suit='♠', rank='K'), Card(suit='♥', rank='A'), Card(suit='♠', rank='5'), Card(suit='♣', rank='5'), Card(suit='♥', rank='5'), Card(suit='♣', rank='J'), Card(suit='♦', rank='K'), Card(suit='♣', rank='7'), Card(suit='♦', rank='3'), Card(suit='♥', rank='4'), Card(suit='♥', rank='10'), Card(suit='♠', rank='6'), Card(suit='♠', rank='7'), Card(suit='♠', rank='A'), Card(suit='♥', rank='Q'), Card(suit='♦', rank='Q'), Card(suit='♠', rank='Q'), Card(suit='♦', rank='5'), Card(suit='♣', rank='10'), Card(suit='♠', rank='3'), Card(suit='♥', rank='9'), Card(suit='♦', rank='10')] list_card_discard=[] card_active=NoneError 2: "get_list_action" result is wrong
Action missing: card=Card(suit='♣', rank='A') pos_from=0 pos_to=68 card_swap=None

[92mTest 042[0m: Test that can not move to finish with negative steps [1 point]

[92mTest 043[0m: Test not overtaking in finish [5 point]

[92mTest 044[0m: Test card exchange actions at beginning of round [1 point]

[92mTest 045[0m: Test card exchange result at beginning of round [1 point]

[92mTest 046[0m: Test number of cards dealt in round 1 [1 point]

[92mTest 047[0m: Test number of cards dealt in round 2 [1 point]

[92mTest 048[0m: Test number of cards dealt in round 5 [1 point]

[92mTest 049[0m: Test number of cards dealt in round 6 [1 point]

[92mTest 050[0m: Test re-shuffle if stock out of cards [1 point]

[92mTest 051[0m: Test folding cards when no action possible [1 point]

[92mTest 052[0m: Test support partner at the end [1 point]

[92mTest 053[0m: Test if list_action contains unique actions [2 point]

[92mTest 054[0m: Test finish game [1 point]

[91mTest 100[0m: Code style with Pylint [5 point]
Pylint score 9.0/10

[91mTest 101[0m: Type checking with MyPy [5 point]
MyPy exit code is 1

[91mTest 102[0m: Pytest runs successfully and coverage is >80% [5 point]
Test coverage is too low (20%)

[93mResult[0m
Tests: 51/57 valid
Mark:  95/121 points

